// Jest Snapshot v1, https://goo.gl/fbAQLP

exports[`ErrorMessage should match snapshot 1`] = `
<body>
  <div>
    <div
      class="message"
    >
      <span>
        Oops, something went wrong ü•≤
      </span>
      <br />
      <span>
        ‚öíÔ∏è
      </span>
      Error: oops
    </div>
  </div>
</body>
`;
